/root/miniconda3/envs/openvla310/lib/python3.10/site-packages/bitsandbytes/backends/cuda/ops.py:213: FutureWarning: _check_is_size will be removed in a future PyTorch release along with guard_size_oblivious.     Use _check(i >= 0) instead.
  torch._check_is_size(blocksize)
DF-06-02 NF4 dependency check: OK
gpu: NVIDIA GeForce RTX 5090
torch: 2.11.0+cu128
cuda: 12.8
bitsandbytes: 0.49.2
accelerate: 0.29.3
[robosuite WARNING] No private macro file found! (__init__.py:7)
2026-07-29 08:51:39,959 | WARNING | No private macro file found!
[robosuite WARNING] It is recommended to use a private macro file (__init__.py:8)
2026-07-29 08:51:39,959 | WARNING | It is recommended to use a private macro file
[robosuite WARNING] To setup, run: python /root/miniconda3/envs/openvla310/lib/python3.10/site-packages/robosuite/scripts/setup_macros.py (__init__.py:9)
2026-07-29 08:51:39,959 | WARNING | To setup, run: python /root/miniconda3/envs/openvla310/lib/python3.10/site-packages/robosuite/scripts/setup_macros.py
2026-07-29 08:51:40,023 | INFO | No OpenGL_accelerate module loaded: No module named 'OpenGL_accelerate'
Gym has been unmaintained since 2022 and does not support NumPy 2.0 amongst other critical functionality.
Please upgrade to Gymnasium, the maintained drop-in replacement of Gym, or contact the authors of your software and request that they upgrade.
See the migration guide at https://gymnasium.farama.org/introduction/migration_guide/ for additional information.
<frozen importlib._bootstrap>:241: DeprecationWarning: builtin type SwigPyPacked has no __module__ attribute
<frozen importlib._bootstrap>:241: DeprecationWarning: builtin type SwigPyObject has no __module__ attribute
/root/miniconda3/envs/openvla310/lib/python3.10/site-packages/torch/jit/_script.py:1488: DeprecationWarning: `torch.jit.script` is deprecated. Please switch to `torch.compile` or `torch.export`.
  warnings.warn(
/root/miniconda3/envs/openvla310/lib/python3.10/site-packages/torch/jit/_script.py:1640: DeprecationWarning: `torch.jit.interface` is deprecated. Please use `torch.compile` instead.
  warnings.warn(
Using LIBERO constants:
  NUM_ACTIONS_CHUNK = 8
  ACTION_DIM = 7
  PROPRIO_DIM = 8
  ACTION_PROPRIO_NORMALIZATION_TYPE = bounds_q99
If needed, manually set the correct constants in `prismatic/vla/constants.py`!
07/29 [08:51:57] INFO     | >> Loading DF-04-03 step-100000 adapter with NF4 language model.                                                                                                                             run_simulation.py:437
/root/miniconda3/envs/openvla310/lib/python3.10/site-packages/torch/jit/_script.py:365: DeprecationWarning: `torch.jit.script_method` is deprecated. Please switch to `torch.compile` or `torch.export`.
  warnings.warn(
Loading checkpoint shards:   0%|          | 0/3 [00:00<?, ?it/s]Loading checkpoint shards:  33%|███▎      | 1/3 [00:02<00:04,  2.16s/it]Loading checkpoint shards:  67%|██████▋   | 2/3 [00:04<00:01,  1.99s/it]Loading checkpoint shards: 100%|██████████| 3/3 [00:04<00:00,  1.33s/it]Loading checkpoint shards: 100%|██████████| 3/3 [00:04<00:00,  1.52s/it]
[info] using task orders [0, 1, 2, 3, 4, 5, 6, 7, 8, 9]
07/29 [08:52:11] INFO     | >> Starting task=0 name=LIVING_ROOM_SCENE2_put_both_the_alphabet_soup_and_the_tomato_sauce_in_the_basket instruction=put both the alphabet soup and the tomato sauce in the basket       simulation_runner.py:1597
07/29 [08:52:15] INFO     | >> task_00_trial_000 step=25 inference_ms=151.369 chunk_index=0                                                                                                                           simulation_runner.py:742
07/29 [08:52:16] INFO     | >> task_00_trial_000 step=50 inference_ms=150.956 chunk_index=1                                                                                                                           simulation_runner.py:742
                 INFO     | >> Finished rollout=task_00_trial_000 success=False steps=50 reason=timeout                                                                                                              simulation_runner.py:1650
                 INFO     | >> Simulation finished: rollouts=1 success_rate=0.0 completed=True                                                                                                                           run_simulation.py:450
sys:1: DeprecationWarning: builtin type swigvarlink has no __module__ attribute
