[robosuite WARNING] No private macro file found! (__init__.py:7)
2026-07-29 03:50:59,385 | WARNING | No private macro file found!
[robosuite WARNING] It is recommended to use a private macro file (__init__.py:8)
2026-07-29 03:50:59,385 | WARNING | It is recommended to use a private macro file
[robosuite WARNING] To setup, run: python /root/miniconda3/envs/openvla310/lib/python3.10/site-packages/robosuite/scripts/setup_macros.py (__init__.py:9)
2026-07-29 03:50:59,385 | WARNING | To setup, run: python /root/miniconda3/envs/openvla310/lib/python3.10/site-packages/robosuite/scripts/setup_macros.py
2026-07-29 03:50:59,426 | INFO | No OpenGL_accelerate module loaded: No module named 'OpenGL_accelerate'
Gym has been unmaintained since 2022 and does not support NumPy 2.0 amongst other critical functionality.
Please upgrade to Gymnasium, the maintained drop-in replacement of Gym, or contact the authors of your software and request that they upgrade.
See the migration guide at https://gymnasium.farama.org/introduction/migration_guide/ for additional information.
<frozen importlib._bootstrap>:241: DeprecationWarning: builtin type SwigPyPacked has no __module__ attribute
<frozen importlib._bootstrap>:241: DeprecationWarning: builtin type SwigPyObject has no __module__ attribute
/root/miniconda3/envs/openvla310/lib/python3.10/site-packages/torch/jit/_script.py:1488: DeprecationWarning: `torch.jit.script` is deprecated. Please switch to `torch.compile` or `torch.export`.
  warnings.warn(
/root/miniconda3/envs/openvla310/lib/python3.10/site-packages/torch/jit/_script.py:1640: DeprecationWarning: `torch.jit.interface` is deprecated. Please use `torch.compile` instead.
  warnings.warn(
Using LIBERO constants:
  NUM_ACTIONS_CHUNK = 8
  ACTION_DIM = 7
  PROPRIO_DIM = 8
  ACTION_PROPRIO_NORMALIZATION_TYPE = bounds_q99
If needed, manually set the correct constants in `prismatic/vla/constants.py`!
07/29 [03:51:16] INFO     | >> Loading DF-04-03 step-100000 adapter with INT8 language model.                                                                                                                            run_simulation.py:435
/root/miniconda3/envs/openvla310/lib/python3.10/site-packages/torch/jit/_script.py:365: DeprecationWarning: `torch.jit.script_method` is deprecated. Please switch to `torch.compile` or `torch.export`.
  warnings.warn(
Loading checkpoint shards:   0%|          | 0/3 [00:00<?, ?it/s]Loading checkpoint shards:  33%|███▎      | 1/3 [00:02<00:04,  2.41s/it]Loading checkpoint shards:  67%|██████▋   | 2/3 [00:04<00:02,  2.25s/it]Loading checkpoint shards: 100%|██████████| 3/3 [00:05<00:00,  1.49s/it]Loading checkpoint shards: 100%|██████████| 3/3 [00:05<00:00,  1.71s/it]
[info] using task orders [0, 1, 2, 3, 4, 5, 6, 7, 8, 9]
/root/miniconda3/envs/openvla310/lib/python3.10/site-packages/bitsandbytes/autograd/_functions.py:123: UserWarning: MatMul8bitLt: inputs will be cast from torch.bfloat16 to float16 during quantization
  warnings.warn(f"MatMul8bitLt: inputs will be cast from {A.dtype} to float16 during quantization")
07/29 [03:51:34] INFO     | >> DF-06-01 preflight: action_shape=(8, 7) latency_ms=888.658 int8_linear_modules=224 zero_equivalent=0                                                                                      run_simulation.py:393
sys:1: DeprecationWarning: builtin type swigvarlink has no __module__ attribute
[robosuite WARNING] No private macro file found! (__init__.py:7)
2026-07-29 03:55:02,277 | WARNING | No private macro file found!
[robosuite WARNING] It is recommended to use a private macro file (__init__.py:8)
2026-07-29 03:55:02,277 | WARNING | It is recommended to use a private macro file
[robosuite WARNING] To setup, run: python /root/miniconda3/envs/openvla310/lib/python3.10/site-packages/robosuite/scripts/setup_macros.py (__init__.py:9)
2026-07-29 03:55:02,277 | WARNING | To setup, run: python /root/miniconda3/envs/openvla310/lib/python3.10/site-packages/robosuite/scripts/setup_macros.py
2026-07-29 03:55:02,341 | INFO | No OpenGL_accelerate module loaded: No module named 'OpenGL_accelerate'
Gym has been unmaintained since 2022 and does not support NumPy 2.0 amongst other critical functionality.
Please upgrade to Gymnasium, the maintained drop-in replacement of Gym, or contact the authors of your software and request that they upgrade.
See the migration guide at https://gymnasium.farama.org/introduction/migration_guide/ for additional information.
<frozen importlib._bootstrap>:241: DeprecationWarning: builtin type SwigPyPacked has no __module__ attribute
<frozen importlib._bootstrap>:241: DeprecationWarning: builtin type SwigPyObject has no __module__ attribute
/root/miniconda3/envs/openvla310/lib/python3.10/site-packages/torch/jit/_script.py:1488: DeprecationWarning: `torch.jit.script` is deprecated. Please switch to `torch.compile` or `torch.export`.
  warnings.warn(
/root/miniconda3/envs/openvla310/lib/python3.10/site-packages/torch/jit/_script.py:1640: DeprecationWarning: `torch.jit.interface` is deprecated. Please use `torch.compile` instead.
  warnings.warn(
Using LIBERO constants:
  NUM_ACTIONS_CHUNK = 8
  ACTION_DIM = 7
  PROPRIO_DIM = 8
  ACTION_PROPRIO_NORMALIZATION_TYPE = bounds_q99
If needed, manually set the correct constants in `prismatic/vla/constants.py`!
07/29 [03:55:19] INFO     | >> Loading DF-04-03 step-100000 adapter with INT8 language model.                                                                                                                            run_simulation.py:435
/root/miniconda3/envs/openvla310/lib/python3.10/site-packages/torch/jit/_script.py:365: DeprecationWarning: `torch.jit.script_method` is deprecated. Please switch to `torch.compile` or `torch.export`.
  warnings.warn(
Loading checkpoint shards:   0%|          | 0/3 [00:00<?, ?it/s]Loading checkpoint shards:  33%|███▎      | 1/3 [00:02<00:04,  2.01s/it]Loading checkpoint shards:  67%|██████▋   | 2/3 [00:04<00:02,  2.33s/it]Loading checkpoint shards: 100%|██████████| 3/3 [00:05<00:00,  1.64s/it]Loading checkpoint shards: 100%|██████████| 3/3 [00:05<00:00,  1.79s/it]
[info] using task orders [0, 1, 2, 3, 4, 5, 6, 7, 8, 9]
07/29 [03:55:34] INFO     | >> Starting task=0 name=LIVING_ROOM_SCENE2_put_both_the_alphabet_soup_and_the_tomato_sauce_in_the_basket instruction=put both the alphabet soup and the tomato sauce in the basket       simulation_runner.py:1597
/root/miniconda3/envs/openvla310/lib/python3.10/site-packages/bitsandbytes/autograd/_functions.py:123: UserWarning: MatMul8bitLt: inputs will be cast from torch.bfloat16 to float16 during quantization
  warnings.warn(f"MatMul8bitLt: inputs will be cast from {A.dtype} to float16 during quantization")
07/29 [03:55:38] INFO     | >> task_00_trial_000 step=25 inference_ms=199.640 chunk_index=0                                                                                                                           simulation_runner.py:742
07/29 [03:55:39] INFO     | >> task_00_trial_000 step=50 inference_ms=186.565 chunk_index=1                                                                                                                           simulation_runner.py:742
                 INFO     | >> Finished rollout=task_00_trial_000 success=False steps=50 reason=timeout                                                                                                              simulation_runner.py:1650
                 INFO     | >> Simulation finished: rollouts=1 success_rate=0.0 completed=True                                                                                                                           run_simulation.py:448
sys:1: DeprecationWarning: builtin type swigvarlink has no __module__ attribute
