Using LIBERO constants:
  NUM_ACTIONS_CHUNK = 8
  ACTION_DIM = 7
  PROPRIO_DIM = 8
  ACTION_PROPRIO_NORMALIZATION_TYPE = bounds_q99
If needed, manually set the correct constants in `prismatic/vla/constants.py`!
Loading checkpoint shards:   0%|          | 0/3 [00:00<?, ?it/s]Loading checkpoint shards:  33%|███▎      | 1/3 [00:02<00:04,  2.20s/it]Loading checkpoint shards:  67%|██████▋   | 2/3 [00:04<00:02,  2.08s/it]Loading checkpoint shards: 100%|██████████| 3/3 [00:04<00:00,  1.37s/it]Loading checkpoint shards: 100%|██████████| 3/3 [00:04<00:00,  1.57s/it]
Traceback (most recent call last):
  File "/root/autodl-tmp/openvla_efficiency_project/scripts/Simulation/DF-06-01 LoRA+OFT INT8/diagnostics/int8_model_audit.py", line 103, in <module>
    raise SystemExit(main())
  File "/root/autodl-tmp/openvla_efficiency_project/scripts/Simulation/DF-06-01 LoRA+OFT INT8/diagnostics/int8_model_audit.py", line 77, in main
    policy = LoraOFTINT8Policy(config)
  File "/root/autodl-tmp/openvla_efficiency_project/scripts/Simulation/DF-06-01 LoRA+OFT INT8/src/lora_oft_int8_policy.py", line 108, in __init__
    self.model, self.action_model = self._load_model()
  File "/root/autodl-tmp/openvla_efficiency_project/scripts/Simulation/DF-06-01 LoRA+OFT INT8/src/lora_oft_int8_policy.py", line 406, in _load_model
    base_model = AutoModelForVision2Seq.from_pretrained(
  File "/root/miniconda3/envs/openvla310/lib/python3.10/site-packages/transformers/models/auto/auto_factory.py", line 563, in from_pretrained
    return model_class.from_pretrained(
  File "/root/miniconda3/envs/openvla310/lib/python3.10/site-packages/transformers/modeling_utils.py", line 3735, in from_pretrained
    dispatch_model(model, **device_map_kwargs)
  File "/root/miniconda3/envs/openvla310/lib/python3.10/site-packages/accelerate/big_modeling.py", line 512, in dispatch_model
    model.to(device)
  File "/root/miniconda3/envs/openvla310/lib/python3.10/site-packages/transformers/modeling_utils.py", line 2670, in to
    raise ValueError(
ValueError: `.to` is not supported for `4-bit` or `8-bit` bitsandbytes models. Please use the model as it is, since the model has already been set to the correct devices and casted to the correct `dtype`.
